src/app/calendar/page.tsx(433,55): error TS2345: Argument of type '"Work" | "Personal" | "Health" | "Learning" | "Finance" | "Creative"' is not assignable to parameter of type 'SetStateAction<"Work">'.
  Type '"Personal"' is not assignable to type 'SetStateAction<"Work">'.
